/tmp
/tmp/testcd
/tmp/testcd/subdir
/tmp/testcd/subdir
/home/nimit
/tmp
